Microchip MPLAB XC8 Compiler V2.45

Linker command line:

-W-3 \
  --edf=C:\Program Files\Microchip\xc8\v2.45\pic\dat\20230818022343_en.msgs \
  -cn \
  -h+dist/default/production\heater_and_air_conditioner.X.production.sym \
  --cmf=dist/default/production\heater_and_air_conditioner.X.production.cmf \
  -z -Q18F4620 -oC:\Users\20128\AppData\Local\Temp\xcBsf58.1\driver_tmp_3.o \
  --defsym=__MPLAB_BUILD=1 --fixupoverflow=error \
  -Mdist/default/production/heater_and_air_conditioner.X.production.map \
  --md=C:\Users\20128\AppData\Local\Temp\xcBsf58.1\driver_tmp_0.dat -E1 \
  -ver=XC8 Compiler --acfsm=1493 -ACODE=00h-0FFFFh -ACONST=00h-0FFFFh \
  -ASMALLCONST=01000h-010FFhx240 -AMEDIUMCONST=01000h-0FFFFh \
  -ACOMRAM=01h-07Fh -AABS1=00h-0F7Fh -ABIGRAM=01h-0F7Fh \
  -ARAM=080h-0FFh,0100h-01FFhx14,0F00h-0F7Fh -ABANK0=080h-0FFh \
  -ABANK1=0100h-01FFh -ABANK2=0200h-02FFh -ABANK3=0300h-03FFh \
  -ABANK4=0400h-04FFh -ABANK5=0500h-05FFh -ABANK6=0600h-06FFh \
  -ABANK7=0700h-07FFh -ABANK8=0800h-08FFh -ABANK9=0900h-09FFh \
  -ABANK10=0A00h-0AFFh -ABANK11=0B00h-0BFFh -ABANK12=0C00h-0CFFh \
  -ABANK13=0D00h-0DFFh -ABANK14=0E00h-0EFFh -ABANK15=0F00h-0F7Fh \
  -ASFR=0F80h-0FFFh -ABIGSFR=0F80h-0FFFh -ACONFIG=0300000h-030000Dh \
  -AIDLOC=0200000h-0200007h -AEEDATA=0F00000h-0F003FFh -peeprom_data=EEDATA \
  -preset_vec=00h,intcode=08h,intcodelo,powerup,init -pramtop=01000h \
  -psmallconst=SMALLCONST -pmediumconst=MEDIUMCONST -pconst=CONST \
  -AFARRAM=00h-00h \
  -prdata=COMRAM,nvrram=COMRAM,nvbit=COMRAM,rbss=COMRAM,rbit=COMRAM \
  -pfarbss=FARRAM,fardata=FARRAM,nvFARRAM=FARRAM \
  -pintsave_regs=BIGRAM,bigbss=BIGRAM,bigdata=BIGRAM -pbss=RAM \
  -pidata=CODE,irdata=CODE,ibigdata=CODE,ifardata=CODE -prparam=COMRAM \
  C:\Users\20128\AppData\Local\Temp\xcBsf58.1\driver_tmp_14.o \
  dist/default/production\heater_and_air_conditioner.X.production.o 

Object code version is 3.11

Machine type is 18F4620



                Name                               Link     Load   Length Selector   Space Scale
C:\Users\20128\AppData\Local\Temp\xcBsf58.1\driver_tmp_14.o
                config                           300000   300000        E        0       4
                init                                  E        E        4        4       0
                reset_vec                             0        0        4        0       0
dist/default/production\heater_and_air_conditioner.X.production.o
                intcode                               8        8        6        4       0
                config                           300000   300000        E        0       4
                temp                                 7A       7A        1        1       1
                smallconst                         1000     1000        6      800       0
                text47                             3520     3520        4     1A44       0
                text46                             34DC     34DC       1E     1A44       0
                text45                             236A     236A      134      803       0
                text44                             3154     3154       4E      803       0
                text43                             31A2     31A2       4C      803       0
                text42                             3428     3428       30      803       0
                text41                             293E     293E       C4      803       0
                text40                             2A02     2A02       B0      803       0
                text39                             33C4     33C4       34      803       0
                text38                             3524     3524        2     1A44       0
                text37                             2AB2     2AB2       AA      803       0
                text36                             1D6E     1D6E      1CC      803       0
                text35                             3350     3350       40      803       0
                text34                             3390     3390       34      803       0
                text33                             2C02     2C02       96      803       0
                text32                             34B4     34B4       28     1A44       0
                text31                             3104     3104       50      803       0
                text30                             2F40     2F40       66      803       0
                text29                             2FA6     2FA6       62      803       0
                text28                             2EDA     2EDA       66      803       0
                text27                             2C98     2C98       94      803       0
                text26                             2D9E     2D9E       6E      803       0
                text25                             330E     330E       42      803       0
                text24                             30B0     30B0       54      803       0
                text23                             305C     305C       54      803       0
                text22                             26CE     26CE       E0      803       0
                text21                             33F8     33F8       30      803       0
                text20                             351C     351C        4     1A44       0
                intcode_body                       2878     2878       C6      803       0
                text18                             27AE     27AE       CA      803       0
                text17                             2B5C     2B5C       A6      803       0
                text16                             1510     1510      4C2      803       0
                text15                             19D2     19D2      39C      803       0
                text14                             25C6     25C6      108      803       0
                text13                             1F3A     1F3A      1B8      803       0
                text12                             1006     1006      50A      803       0
                text11                             32CA     32CA       44      803       0
                text10                             222E     222E      13C      803       0
                text9                              20F2     20F2      13C      803       0
                text8                              2E74     2E74       66      803       0
                text7                              3238     3238       4A      803       0
                text6                              3488     3488       2C     1A44       0
                text5                              3008     3008       54      803       0
                text4                              2D2C     2D2C       72      803       0
                text3                              249E     249E      128      803       0
                text2                              31EE     31EE       4A      803       0
                text1                              3282     3282       48      803       0
                text0                              3510     3510        C     1A44       0
                cstackCOMRAM                          1        1       47        1       1
                cstackBANK0                          80       80       44       80       1
                bssBANK1                            100      100       20      100       1
                dataBANK0                            C4       C4       2F       80       1
                bssBANK0                             F3       F3        2       80       1
                dataCOMRAM                           64       64       16        1       1
                bssCOMRAM                            48       48       1C        1       1
                cinit                              2E0C     2E0C       68      803       0
                idataBANK0                         3458     3458       2F      803       0
                idataCOMRAM                        34FA     34FA       16     1A44       0

TOTAL           Name                               Link     Load   Length     Space
        CLASS   CODE           
                intcode                               8        8        6         0
                init                                  E        E        4         0
                reset_vec                             0        0        4         0
                text47                             3520     3520        4         0
                text46                             34DC     34DC       1E         0
                text45                             236A     236A      134         0
                text44                             3154     3154       4E         0
                text43                             31A2     31A2       4C         0
                text42                             3428     3428       30         0
                text41                             293E     293E       C4         0
                text40                             2A02     2A02       B0         0
                text39                             33C4     33C4       34         0
                text38                             3524     3524        2         0
                text37                             2AB2     2AB2       AA         0
                text36                             1D6E     1D6E      1CC         0
                text35                             3350     3350       40         0
                text34                             3390     3390       34         0
                text33                             2C02     2C02       96         0
                text32                             34B4     34B4       28         0
                text31                             3104     3104       50         0
                text30                             2F40     2F40       66         0
                text29                             2FA6     2FA6       62         0
                text28                             2EDA     2EDA       66         0
                text27                             2C98     2C98       94         0
                text26                             2D9E     2D9E       6E         0
                text25                             330E     330E       42         0
                text24                             30B0     30B0       54         0
                text23                             305C     305C       54         0
                text22                             26CE     26CE       E0         0
                text21                             33F8     33F8       30         0
                text20                             351C     351C        4         0
                intcode_body                       2878     2878       C6         0
                text18                             27AE     27AE       CA         0
                text17                             2B5C     2B5C       A6         0
                text16                             1510     1510      4C2         0
                text15                             19D2     19D2      39C         0
                text14                             25C6     25C6      108         0
                text13                             1F3A     1F3A      1B8         0
                text12                             1006     1006      50A         0
                text11                             32CA     32CA       44         0
                text10                             222E     222E      13C         0
                text9                              20F2     20F2      13C         0
                text8                              2E74     2E74       66         0
                text7                              3238     3238       4A         0
                text6                              3488     3488       2C         0
                text5                              3008     3008       54         0
                text4                              2D2C     2D2C       72         0
                text3                              249E     249E      128         0
                text2                              31EE     31EE       4A         0
                text1                              3282     3282       48         0
                text0                              3510     3510        C         0
                cinit                              2E0C     2E0C       68         0
                idataBANK0                         3458     3458       2F         0
                idataCOMRAM                        34FA     34FA       16         0

        CLASS   CONST          

        CLASS   SMALLCONST     
                smallconst                         1000     1000        6         0

        CLASS   MEDIUMCONST    

        CLASS   COMRAM         
                temp                                 7A       7A        1         1
                cstackCOMRAM                          1        1       47         1
                dataCOMRAM                           64       64       16         1
                bssCOMRAM                            48       48       1C         1

        CLASS   ABS1           

        CLASS   BIGRAM         

        CLASS   RAM            

        CLASS   BANK0          
                cstackBANK0                          80       80       44         1
                dataBANK0                            C4       C4       2F         1
                bssBANK0                             F3       F3        2         1

        CLASS   BANK1          
                bssBANK1                            100      100       20         1

        CLASS   BANK2          

        CLASS   BANK3          

        CLASS   BANK4          

        CLASS   BANK5          

        CLASS   BANK6          

        CLASS   BANK7          

        CLASS   BANK8          

        CLASS   BANK9          

        CLASS   BANK10         

        CLASS   BANK11         

        CLASS   BANK12         

        CLASS   BANK13         

        CLASS   BANK14         

        CLASS   BANK15         

        CLASS   SFR            

        CLASS   BIGSFR         

        CLASS   CONFIG         
                config                           300000   300000        E         4

        CLASS   IDLOC          

        CLASS   EEDATA         

        CLASS   FARRAM         

        CLASS   HEAP           

        CLASS   STACK          



SEGMENTS        Name                           Load    Length   Top    Selector   Space  Class

                reset_vec                      000000  000004  000004         0       0  CODE    
                cstackCOMRAM                   000001  00007A  00007B         1       1  COMRAM  
                intcode                        000008  00000A  000012         4       0  CODE    
                cstackBANK0                    000080  000075  0000F5        80       1  BANK0   
                bssBANK1                       000100  000020  000120       100       1  BANK1   
                smallconst                     001000  000006  001006       800       0  SMALLCON
                text12                         001006  002481  003487       803       0  CODE    
                text6                          003488  00009E  003526      1A44       0  CODE    


UNUSED ADDRESS RANGES

        Name                Unused          Largest block    Delta
        BANK0            0000F5-0000FF                B
        BANK1            000120-0001FF               E0
        BANK10           000A00-000AFF              100
        BANK11           000B00-000BFF              100
        BANK12           000C00-000CFF              100
        BANK13           000D00-000DFF              100
        BANK14           000E00-000EFF              100
        BANK15           000F00-000F7F               80
        BANK2            000200-0002FF              100
        BANK3            000300-0003FF              100
        BANK4            000400-0004FF              100
        BANK5            000500-0005FF              100
        BANK6            000600-0006FF              100
        BANK7            000700-0007FF              100
        BANK8            000800-0008FF              100
        BANK9            000900-0009FF              100
        BIGRAM           00007B-00007F                5
                         0000F5-0000FF                B
                         000120-000F7F              E60
        BIGSFR           000F80-000FFF               80
        CODE             000004-000007                4
                         000012-000FFF              FEE
                         003487-003487                1
                         003526-00FFFF             CADA
        COMRAM           00007B-00007F                5
        CONST            000004-000007                4
                         000012-000FFF              FEE
                         003487-003487                1
                         003526-00FFFF             CADA
        EEDATA           F00000-F003FF              400
        IDLOC            200000-200007                8
        MEDIUMCONST      003487-003487                1
                         003526-00FFFF             CADA
        RAM              0000F5-0000FF                B
                         000120-000F7F              100
        SFR              000F80-000FFF               80
        SMALLCONST       003487-003487                1
                         003526-00FFFF              100

                                  Symbol Table

?___awdiv                                   cstackCOMRAM 000001
?___awmod                                   cstackCOMRAM 000001
?___fladd                                   cstackBANK0  0000A7
?___fldiv                                   cstackBANK0  00008E
?___fltol                                   cstackBANK0  000080
?___xxtofl                                  cstackBANK0  000080
?_abs                                       cstackCOMRAM 000007
?_sprintf                                   cstackCOMRAM 00001A
?_vfprintf                                  cstackCOMRAM 000016
EUSART_ASYNC_Init@_eusart                   cstackBANK0  0000C2
EUSART_ASYNC_Init@ret                       cstackBANK0  0000C3
EUSART_ASYNC_RX_Init@_eusart                cstackBANK0  000080
EUSART_ASYNC_ReadByteNonBlocking@_data      cstackCOMRAM 000001
EUSART_ASYNC_TX_Init@_eusart                cstackBANK0  000080
EUSART_Baud_Rate_Calculation@Baud_Rate_Temp cstackBANK0  0000BA
EUSART_Baud_Rate_Calculation@_eusart        cstackBANK0  0000B7
_ADCON0bits                                 (abs)        000FC2
_ADCON1bits                                 (abs)        000FC1
_ADCON2bits                                 (abs)        000FC0
_ADC_ISR                                    text47       003520
_ADC_InterruptHandler                       bssCOMRAM    000058
_ADRESH                                     (abs)        000FC4
_ADRESL                                     (abs)        000FC3
_BAUDCONbits                                (abs)        000FB8
_EUSART_ASYNC_Init                          text11       0032CA
_EUSART_ASYNC_RX_Init                       text18       0027AE
_EUSART_ASYNC_ReadByteNonBlocking           text46       0034DC
_EUSART_ASYNC_TX_Init                       text17       002B5C
_EUSART_Baud_Rate_Calculation               text12       001006
_EUSART_Baud_Rate_Calculation$2548          cstackBANK0  0000BE
_EUSART_FramingErrorHandler                 bssCOMRAM    000054
_EUSART_OverrunErrorHandler                 bssCOMRAM    000052
_EUSART_RX_ISR                              text21       0033F8
_EUSART_RxInterruptHandler                  bssCOMRAM    000056
_EUSART_TX_ISR                              text20       00351C
_EUSART_TxInterruptHandler                  bssBANK0     0000F3
_INTCONbits                                 (abs)        000FF2
_InterruptManager                           intcode      000008
_LATA                                       (abs)        000F89
_LATB                                       (abs)        000F8A
_LATC                                       (abs)        000F8B
_LATD                                       (abs)        000F8C
_LATE                                       (abs)        000F8D
_MY_EUSART_RX_ISR                           text22       0026CE
_PIE1bits                                   (abs)        000F9D
_PIR1bits                                   (abs)        000F9E
_PORTA                                      (abs)        000F80
_PORTB                                      (abs)        000F81
_PORTC                                      (abs)        000F82
_PORTD                                      (abs)        000F83
_PORTE                                      (abs)        000F84
_RB4_Flag                                   dataCOMRAM   000067
_RB5_Flag                                   dataCOMRAM   000066
_RB6_Flag                                   dataCOMRAM   000065
_RB7_Flag                                   dataCOMRAM   000064
_RCREG                                      (abs)        000FAE
_RCSTAbits                                  (abs)        000FAB
_SPBRG                                      (abs)        000FAF
_SPBRGH                                     (abs)        000FB0
_TRISA                                      (abs)        000F92
_TRISB                                      (abs)        000F93
_TRISC                                      (abs)        000F94
_TRISCbits                                  (abs)        000F94
_TRISD                                      (abs)        000F95
_TRISE                                      (abs)        000F96
_TXREG                                      (abs)        000FAD
_TXSTAbits                                  (abs)        000FAC
__HRAM                                      (abs)        000000
__H__absolute__                             __absolute__ 000000
__Habs1                                     abs1         000000
__Hbank0                                    bank0        000000
__Hbank1                                    bank1        000000
__Hbank10                                   bank10       000000
__Hbank11                                   bank11       000000
__Hbank12                                   bank12       000000
__Hbank13                                   bank13       000000
__Hbank14                                   bank14       000000
__Hbank15                                   bank15       000000
__Hbank2                                    bank2        000000
__Hbank3                                    bank3        000000
__Hbank4                                    bank4        000000
__Hbank5                                    bank5        000000
__Hbank6                                    bank6        000000
__Hbank7                                    bank7        000000
__Hbank8                                    bank8        000000
__Hbank9                                    bank9        000000
__Hbigbss                                   bigbss       000000
__Hbigdata                                  bigdata      000000
__Hbigram                                   bigram       000000
__Hbigsfr                                   bigsfr       000000
__Hbss                                      bss          000000
__HbssBANK0                                 bssBANK0     000000
__HbssBANK1                                 bssBANK1     000000
__HbssCOMRAM                                bssCOMRAM    000000
__Hcinit                                    cinit        000000
__Hclrtext                                  clrtext      000000
__Hcomram                                   comram       000000
__Hconfig                                   config       30000E
__Hconst                                    const        000000
__HcstackBANK0                              cstackBANK0  000000
__HcstackCOMRAM                             cstackCOMRAM 000000
__Hdata                                     data         000000
__HdataBANK0                                dataBANK0    000000
__HdataCOMRAM                               dataCOMRAM   000000
__Heeprom_data                              eeprom_data  000000
__Hfarbss                                   farbss       000000
__Hfardata                                  fardata      000000
__Hheap                                     heap         000000
__Hibigdata                                 ibigdata     000000
__Hidata                                    idata        000000
__HidataBANK0                               idataBANK0   000000
__HidataCOMRAM                              idataCOMRAM  000000
__Hidloc                                    idloc        000000
__Hifardata                                 ifardata     000000
__Hinit                                     init         000012
__Hintcode                                  intcode      00000E
__Hintcode_body                             intcode_body 000000
__Hintcodelo                                intcodelo    00000E
__Hintentry                                 intentry     000000
__Hintret                                   intret       000000
__Hintsave_regs                             intsave_regs 000000
__Hirdata                                   irdata       000000
__Hmediumconst                              mediumconst  000000
__HnvFARRAM                                 nvFARRAM     000000
__Hnvbit                                    nvbit        000000
__Hnvrram                                   nvrram       000000
__Hparam                                    rparam       000000
__Hpowerup                                  powerup      00000E
__Hram                                      ram          000000
__Hramtop                                   ramtop       001000
__Hrbit                                     rbit         000000
__Hrbss                                     rbss         000000
__Hrdata                                    rdata        000000
__Hreset_vec                                reset_vec    000004
__Hrparam                                   rparam       000000
__Hsfr                                      sfr          000000
__Hsmallconst                               smallconst   001006
__Hspace_0                                  (abs)        003526
__Hspace_1                                  (abs)        000120
__Hspace_2                                  (abs)        000000
__Hspace_4                                  (abs)        60000E
__Hstack                                    stack        000000
__Hstruct                                   struct       000000
__Htemp                                     temp         00007B
__Htext                                     text         000000
__Htext0                                    text0        000000
__Htext1                                    text1        000000
__Htext10                                   text10       000000
__Htext11                                   text11       000000
__Htext12                                   text12       000000
__Htext13                                   text13       000000
__Htext14                                   text14       000000
__Htext15                                   text15       000000
__Htext16                                   text16       000000
__Htext17                                   text17       000000
__Htext18                                   text18       000000
__Htext2                                    text2        000000
__Htext20                                   text20       000000
__Htext21                                   text21       000000
__Htext22                                   text22       000000
__Htext23                                   text23       000000
__Htext24                                   text24       000000
__Htext25                                   text25       000000
__Htext26                                   text26       000000
__Htext27                                   text27       000000
__Htext28                                   text28       000000
__Htext29                                   text29       000000
__Htext3                                    text3        000000
__Htext30                                   text30       000000
__Htext31                                   text31       000000
__Htext32                                   text32       000000
__Htext33                                   text33       000000
__Htext34                                   text34       000000
__Htext35                                   text35       000000
__Htext36                                   text36       000000
__Htext37                                   text37       000000
__Htext38                                   text38       000000
__Htext39                                   text39       000000
__Htext4                                    text4        000000
__Htext40                                   text40       000000
__Htext41                                   text41       000000
__Htext42                                   text42       000000
__Htext43                                   text43       000000
__Htext44                                   text44       000000
__Htext45                                   text45       000000
__Htext46                                   text46       000000
__Htext47                                   text47       000000
__Htext48                                   text48       000000
__Htext5                                    text5        000000
__Htext6                                    text6        000000
__Htext7                                    text7        000000
__Htext8                                    text8        000000
__Htext9                                    text9        000000
__LRAM                                      (abs)        000001
__L__absolute__                             __absolute__ 000000
__Labs1                                     abs1         000000
__Lbank0                                    bank0        000000
__Lbank1                                    bank1        000000
__Lbank10                                   bank10       000000
__Lbank11                                   bank11       000000
__Lbank12                                   bank12       000000
__Lbank13                                   bank13       000000
__Lbank14                                   bank14       000000
__Lbank15                                   bank15       000000
__Lbank2                                    bank2        000000
__Lbank3                                    bank3        000000
__Lbank4                                    bank4        000000
__Lbank5                                    bank5        000000
__Lbank6                                    bank6        000000
__Lbank7                                    bank7        000000
__Lbank8                                    bank8        000000
__Lbank9                                    bank9        000000
__Lbigbss                                   bigbss       000000
__Lbigdata                                  bigdata      000000
__Lbigram                                   bigram       000000
__Lbigsfr                                   bigsfr       000000
__Lbss                                      bss          000000
__LbssBANK0                                 bssBANK0     000000
__LbssBANK1                                 bssBANK1     000000
__LbssCOMRAM                                bssCOMRAM    000000
__Lcinit                                    cinit        000000
__Lclrtext                                  clrtext      000000
__Lcomram                                   comram       000000
__Lconfig                                   config       000000
__Lconst                                    const        000000
__LcstackBANK0                              cstackBANK0  000000
__LcstackCOMRAM                             cstackCOMRAM 000000
__Ldata                                     data         000000
__LdataBANK0                                dataBANK0    000000
__LdataCOMRAM                               dataCOMRAM   000000
__Leeprom_data                              eeprom_data  000000
__Lfarbss                                   farbss       000000
__Lfardata                                  fardata      000000
__Lheap                                     heap         000000
__Libigdata                                 ibigdata     000000
__Lidata                                    idata        000000
__LidataBANK0                               idataBANK0   000000
__LidataCOMRAM                              idataCOMRAM  000000
__Lidloc                                    idloc        000000
__Lifardata                                 ifardata     000000
__Linit                                     init         00000E
__Lintcode                                  intcode      000008
__Lintcode_body                             intcode_body 000000
__Lintcodelo                                intcodelo    00000E
__Lintentry                                 intentry     000000
__Lintret                                   intret       000000
__Lintsave_regs                             intsave_regs 000000
__Lirdata                                   irdata       000000
__Lmediumconst                              mediumconst  000000
__LnvFARRAM                                 nvFARRAM     000000
__Lnvbit                                    nvbit        000000
__Lnvrram                                   nvrram       000000
__Lparam                                    rparam       000000
__Lpowerup                                  powerup      00000E
__Lram                                      ram          000000
__Lramtop                                   ramtop       001000
__Lrbit                                     rbit         000000
__Lrbss                                     rbss         000000
__Lrdata                                    rdata        000000
__Lreset_vec                                reset_vec    000000
__Lrparam                                   rparam       000000
__Lsfr                                      sfr          000000
__Lsmallconst                               smallconst   001000
__Lspace_0                                  (abs)        000000
__Lspace_1                                  (abs)        000000
__Lspace_2                                  (abs)        000000
__Lspace_4                                  (abs)        000000
__Lstack                                    stack        000000
__Lstruct                                   struct       000000
__Ltemp                                     temp         00007A
__Ltext                                     text         000000
__Ltext0                                    text0        000000
__Ltext1                                    text1        000000
__Ltext10                                   text10       000000
__Ltext11                                   text11       000000
__Ltext12                                   text12       000000
__Ltext13                                   text13       000000
__Ltext14                                   text14       000000
__Ltext15                                   text15       000000
__Ltext16                                   text16       000000
__Ltext17                                   text17       000000
__Ltext18                                   text18       000000
__Ltext2                                    text2        000000
__Ltext20                                   text20       000000
__Ltext21                                   text21       000000
__Ltext22                                   text22       000000
__Ltext23                                   text23       000000
__Ltext24                                   text24       000000
__Ltext25                                   text25       000000
__Ltext26                                   text26       000000
__Ltext27                                   text27       000000
__Ltext28                                   text28       000000
__Ltext29                                   text29       000000
__Ltext3                                    text3        000000
__Ltext30                                   text30       000000
__Ltext31                                   text31       000000
__Ltext32                                   text32       000000
__Ltext33                                   text33       000000
__Ltext34                                   text34       000000
__Ltext35                                   text35       000000
__Ltext36                                   text36       000000
__Ltext37                                   text37       000000
__Ltext38                                   text38       000000
__Ltext39                                   text39       000000
__Ltext4                                    text4        000000
__Ltext40                                   text40       000000
__Ltext41                                   text41       000000
__Ltext42                                   text42       000000
__Ltext43                                   text43       000000
__Ltext44                                   text44       000000
__Ltext45                                   text45       000000
__Ltext46                                   text46       000000
__Ltext47                                   text47       000000
__Ltext48                                   text48       000000
__Ltext5                                    text5        000000
__Ltext6                                    text6        000000
__Ltext7                                    text7        000000
__Ltext8                                    text8        000000
__Ltext9                                    text9        000000
__S0                                        (abs)        003526
__S1                                        (abs)        000120
__S4                                        (abs)        000000
__S5                                        (abs)        000000
___awdiv                                    text41       00293E
___awdiv@counter                            cstackCOMRAM 000005
___awdiv@dividend                           cstackCOMRAM 000001
___awdiv@divisor                            cstackCOMRAM 000003
___awdiv@quotient                           cstackCOMRAM 000007
___awdiv@sign                               cstackCOMRAM 000006
___awmod                                    text40       002A02
___awmod@counter                            cstackCOMRAM 000005
___awmod@dividend                           cstackCOMRAM 000001
___awmod@divisor                            cstackCOMRAM 000003
___awmod@sign                               cstackCOMRAM 000006
___fladd                                    text16       001510
___fladd@a                                  cstackBANK0  0000AB
___fladd@aexp                               cstackBANK0  0000B4
___fladd@b                                  cstackBANK0  0000A7
___fladd@bexp                               cstackBANK0  0000B5
___fladd@grs                                cstackBANK0  0000B6
___fladd@signs                              cstackBANK0  0000B3
___fldiv                                    text15       0019D2
___fldiv@a                                  cstackBANK0  000092
___fldiv@aexp                               cstackBANK0  0000A6
___fldiv@b                                  cstackBANK0  00008E
___fldiv@bexp                               cstackBANK0  0000A5
___fldiv@grs                                cstackBANK0  0000A1
___fldiv@new_exp                            cstackBANK0  00009F
___fldiv@rem                                cstackBANK0  00009A
___fldiv@sign                               cstackBANK0  00009E
___fltol                                    text14       0025C6
___fltol@exp1                               cstackBANK0  000089
___fltol@f1                                 cstackBANK0  000080
___fltol@sign1                              cstackBANK0  000088
___heap_hi                                  (abs)        000000
___heap_lo                                  (abs)        000000
___inthi_sp                                 stack        000000
___inthi_stack_hi                           stack        000000
___inthi_stack_lo                           stack        000000
___intlo_sp                                 stack        000000
___intlo_stack_hi                           stack        000000
___intlo_stack_lo                           stack        000000
___param_bank                               (abs)        000000
___rparam_used                              (abs)        000001
___sp                                       stack        000000
___stack_hi                                 stack        000000
___stack_lo                                 stack        000000
___xxtofl                                   text13       001F3A
___xxtofl@arg                               cstackBANK0  00008A
___xxtofl@exp                               cstackBANK0  000089
___xxtofl@sign                              cstackBANK0  000088
___xxtofl@val                               cstackBANK0  000080
__accesstop                                 (abs)        000080
__activetblptr                              (abs)        000003
__end_of_ADC_ISR                            text47       003524
__end_of_EUSART_ASYNC_Init                  text11       00330E
__end_of_EUSART_ASYNC_RX_Init               text18       002878
__end_of_EUSART_ASYNC_ReadByteNonBlocking   text46       0034FA
__end_of_EUSART_ASYNC_TX_Init               text17       002C02
__end_of_EUSART_Baud_Rate_Calculation       text12       001510
__end_of_EUSART_RX_ISR                      text21       003428
__end_of_EUSART_TX_ISR                      text20       003520
__end_of_InterruptManager                   intcode_body 00293E
__end_of_MY_EUSART_RX_ISR                   text22       0027AE
__end_of___awdiv                            text41       002A02
__end_of___awmod                            text40       002AB2
__end_of___fladd                            text16       0019D2
__end_of___fldiv                            text15       001D6E
__end_of___fltol                            text14       0026CE
__end_of___xxtofl                           text13       0020F2
__end_of__init                              text1        0032CA
__end_of__initialization                    cinit        002E6A
__end_of_abs                                text39       0033F8
__end_of_convert_uint16_to_string           text33       002C98
__end_of_dc_motor_init                      text7        003282
__end_of_dc_motor_move_right                text44       0031A2
__end_of_dc_motor_stop                      text43       0031EE
__end_of_fputc                              text37       002B5C
__end_of_gpio_pin_direction_init            text10       00236A
__end_of_gpio_pin_logic_write               text9        00222E
__end_of_gpio_pin_output_low_init           text8        002EDA
__end_of_lcd_init                           text3        0025C6
__end_of_lcd_send_char_data                 text30       002FA6
__end_of_lcd_send_command                   text4        002D9E
__end_of_lcd_send_enable                    text6        0034B4
__end_of_lcd_send_nbits                     text5        00305C
__end_of_lcd_send_number_pos                text25       003350
__end_of_lcd_send_string                    text29       003008
__end_of_lcd_send_string_pos                text26       002E0C
__end_of_lcd_set_curser                     text27       002D2C
__end_of_led_init                           text2        003238
__end_of_led_off                            text24       003104
__end_of_led_on                             text23       0030B0
__end_of_main                               text0        00351C
__end_of_memset                             text42       003458
__end_of_putch                              text38       003526
__end_of_sprintf                            text34       0033C4
__end_of_vfpfcnvrt                          text36       001F3A
__end_of_vfprintf                           text35       003390
__end_ofi2_gpio_pin_logic_write             text45       00249E
__end_ofi2_lcd_send_command                 text28       002F40
__end_ofi2_lcd_send_enable                  text32       0034DC
__end_ofi2_lcd_send_nbits                   text31       003154
__init                                      text1        003282
__initialization                            cinit        002E0C
__mediumconst                               mediumconst  000000
__pbssBANK0                                 bssBANK0     0000F3
__pbssBANK1                                 bssBANK1     000100
__pbssCOMRAM                                bssCOMRAM    000048
__pcinit                                    cinit        002E0C
__pcstackBANK0                              cstackBANK0  000080
__pcstackCOMRAM                             cstackCOMRAM 000001
__pdataBANK0                                dataBANK0    0000C4
__pdataCOMRAM                               dataCOMRAM   000064
__pidataBANK0                               idataBANK0   003458
__pidataCOMRAM                              idataCOMRAM  0034FA
__pintcode                                  intcode      000008
__pintcode_body                             intcode_body 002878
__psmallconst                               smallconst   001000
__ptext0                                    text0        003510
__ptext1                                    text1        003282
__ptext10                                   text10       00222E
__ptext11                                   text11       0032CA
__ptext12                                   text12       001006
__ptext13                                   text13       001F3A
__ptext14                                   text14       0025C6
__ptext15                                   text15       0019D2
__ptext16                                   text16       001510
__ptext17                                   text17       002B5C
__ptext18                                   text18       0027AE
__ptext2                                    text2        0031EE
__ptext20                                   text20       00351C
__ptext21                                   text21       0033F8
__ptext22                                   text22       0026CE
__ptext23                                   text23       00305C
__ptext24                                   text24       0030B0
__ptext25                                   text25       00330E
__ptext26                                   text26       002D9E
__ptext27                                   text27       002C98
__ptext28                                   text28       002EDA
__ptext29                                   text29       002FA6
__ptext3                                    text3        00249E
__ptext30                                   text30       002F40
__ptext31                                   text31       003104
__ptext32                                   text32       0034B4
__ptext33                                   text33       002C02
__ptext34                                   text34       003390
__ptext35                                   text35       003350
__ptext36                                   text36       001D6E
__ptext37                                   text37       002AB2
__ptext38                                   text38       003524
__ptext39                                   text39       0033C4
__ptext4                                    text4        002D2C
__ptext40                                   text40       002A02
__ptext41                                   text41       00293E
__ptext42                                   text42       003428
__ptext43                                   text43       0031A2
__ptext44                                   text44       003154
__ptext45                                   text45       00236A
__ptext46                                   text46       0034DC
__ptext47                                   text47       003520
__ptext48                                   text48       000000
__ptext5                                    text5        003008
__ptext6                                    text6        003488
__ptext7                                    text7        003238
__ptext8                                    text8        002E74
__ptext9                                    text9        0020F2
__ramtop                                    ramtop       001000
__smallconst                                smallconst   001000
_abs                                        text39       0033C4
_air_conditioners                           dataCOMRAM   000071
_convert_uint16_to_string                   text33       002C02
_dbuf                                       bssBANK1     000100
_dc_motor_init                              text7        003238
_dc_motor_move_right                        text44       003154
_dc_motor_stop                              text43       0031A2
_flags                                      bssCOMRAM    00005A
_fputc                                      text37       002AB2
_gpio_pin_direction_init                    text10       00222E
_gpio_pin_logic_write                       text9        0020F2
_gpio_pin_output_low_init                   text8        002E74
_heater                                     dataCOMRAM   00006E
_latx                                       dataBANK0    0000CE
_lcd                                        dataCOMRAM   000068
_lcd_init                                   text3        00249E
_lcd_send_char_data                         text30       002F40
_lcd_send_command                           text4        002D2C
_lcd_send_enable                            text6        003488
_lcd_send_nbits                             text5        003008
_lcd_send_number_pos                        text25       00330E
_lcd_send_string                            text29       002FA6
_lcd_send_string_pos                        text26       002D9E
_lcd_set_curser                             text27       002C98
_led_blue                                   dataCOMRAM   000078
_led_init                                   text2        0031EE
_led_off                                    text24       0030B0
_led_on                                     text23       00305C
_led_red                                    dataCOMRAM   000074
_led_white                                  dataCOMRAM   000076
_main                                       text0        003510
_memset                                     text42       003428
_n                                          dataBANK0    0000E2
_portx                                      dataBANK0    0000C4
_prec                                       bssCOMRAM    000050
_putch                                      text38       003524
_ret                                        bssCOMRAM    00005B
_sprintf                                    text34       003390
_trisx                                      dataBANK0    0000D8
_uart                                       dataBANK0    0000E3
_uart_value                                 bssCOMRAM    000061
_vfpfcnvrt                                  text36       001D6E
_vfprintf                                   text35       003350
_width                                      bssCOMRAM    00004E
abs@a                                       cstackCOMRAM 000007
btemp                                       temp         00007A
convert_uint16_to_string@DataCounter        cstackCOMRAM 000034
convert_uint16_to_string@F3180              bssCOMRAM    000048
convert_uint16_to_string@Temp_String        cstackCOMRAM 00002E
convert_uint16_to_string@str                cstackCOMRAM 00002D
convert_uint16_to_string@value              cstackCOMRAM 00002B
dc_motor_init@dc_motor                      cstackBANK0  00008C
dc_motor_init@gpio_ret                      cstackBANK0  00008D
dc_motor_init@ret                           cstackBANK0  00008E
dc_motor_move_right@dc_motor                cstackCOMRAM 000009
dc_motor_move_right@gpio_ret                cstackCOMRAM 00000A
dc_motor_move_right@ret                     cstackCOMRAM 00000B
dc_motor_stop@dc_motor                      cstackCOMRAM 000009
dc_motor_stop@gpio_ret                      cstackCOMRAM 00000A
dc_motor_stop@ret                           cstackCOMRAM 00000B
end_of_initialization                       cinit        002E6A
fputc@c                                     cstackCOMRAM 000001
fputc@fp                                    cstackCOMRAM 000003
gpio_pin_direction_init@pin                 cstackBANK0  000080
gpio_pin_direction_init@pin_direction       cstackBANK0  000081
gpio_pin_direction_init@ret                 cstackBANK0  000087
gpio_pin_logic_write@pin                    cstackBANK0  000080
gpio_pin_logic_write@pin_logic              cstackBANK0  000081
gpio_pin_logic_write@ret                    cstackBANK0  000087
gpio_pin_output_low_init@gpio_ret           cstackBANK0  00008A
gpio_pin_output_low_init@pin                cstackBANK0  000088
gpio_pin_output_low_init@ret                cstackBANK0  00008B
i2_gpio_pin_logic_write                     text45       00236A
i2_lcd_send_command                         text28       002EDA
i2_lcd_send_enable                          text32       0034B4
i2_lcd_send_nbits                           text31       003104
i2gpio_pin_logic_write@pin                  cstackCOMRAM 000001
i2gpio_pin_logic_write@pin_logic            cstackCOMRAM 000002
i2gpio_pin_logic_write@ret                  cstackCOMRAM 000008
i2lcd_send_command@command                  cstackCOMRAM 000010
i2lcd_send_command@gpio_ret                 cstackCOMRAM 000011
i2lcd_send_command@lcd                      cstackCOMRAM 00000F
i2lcd_send_command@lcd_ret                  cstackCOMRAM 000012
i2lcd_send_command@ret                      cstackCOMRAM 000013
i2lcd_send_enable@gpio_ret                  cstackCOMRAM 00000A
i2lcd_send_enable@lcd                       cstackCOMRAM 000009
i2lcd_send_nbits@data_or_command            cstackCOMRAM 00000A
i2lcd_send_nbits@lcd                        cstackCOMRAM 000009
i2lcd_send_nbits@pin_counter                cstackCOMRAM 00000E
i2lcd_send_nbits@ret                        cstackCOMRAM 00000D
int$flags                                   temp         00007A
int_func                                    intcode_body 002878
intlevel0                                   text         000000
intlevel1                                   text         000000
intlevel2                                   text         000000
intlevel3                                   text         000000
isa$std                                     (abs)        000001
isa$xinst                                   (abs)        000000
lcd_init@gpio_ret                           cstackBANK0  000096
lcd_init@lcd                                cstackBANK0  000093
lcd_init@lcd_ret                            cstackBANK0  000099
lcd_init@pins_counter                       cstackBANK0  000098
lcd_init@ret                                cstackBANK0  000097
lcd_send_char_data@data                     cstackCOMRAM 000010
lcd_send_char_data@gpio_ret                 cstackCOMRAM 000011
lcd_send_char_data@lcd                      cstackCOMRAM 00000F
lcd_send_char_data@lcd_ret                  cstackCOMRAM 000012
lcd_send_char_data@ret                      cstackCOMRAM 000013
lcd_send_command@command                    cstackBANK0  00008F
lcd_send_command@gpio_ret                   cstackBANK0  000090
lcd_send_command@lcd                        cstackBANK0  00008E
lcd_send_command@lcd_ret                    cstackBANK0  000091
lcd_send_command@ret                        cstackBANK0  000092
lcd_send_custom_char@counter                bssCOMRAM    000060
lcd_send_enable@gpio_ret                    cstackBANK0  000089
lcd_send_enable@lcd                         cstackBANK0  000088
lcd_send_nbits@data_or_command              cstackBANK0  000089
lcd_send_nbits@lcd                          cstackBANK0  000088
lcd_send_nbits@pin_counter                  cstackBANK0  00008D
lcd_send_nbits@ret                          cstackBANK0  00008C
lcd_send_number@number                      bssCOMRAM    000063
lcd_send_number_pos@column                  cstackCOMRAM 000037
lcd_send_number_pos@gpio_ret                cstackCOMRAM 00003A
lcd_send_number_pos@lcd                     cstackCOMRAM 000035
lcd_send_number_pos@lcd_ret                 cstackCOMRAM 00003B
lcd_send_number_pos@num                     cstackCOMRAM 000038
lcd_send_number_pos@number                  bssCOMRAM    000062
lcd_send_number_pos@row                     cstackCOMRAM 000036
lcd_send_string@gpio_ret                    cstackCOMRAM 000016
lcd_send_string@lcd                         cstackCOMRAM 000014
lcd_send_string@lcd_ret                     cstackCOMRAM 000017
lcd_send_string@ret                         cstackCOMRAM 000018
lcd_send_string@str                         cstackCOMRAM 000015
lcd_send_string_pos@column                  cstackCOMRAM 00001D
lcd_send_string_pos@gpio_ret                cstackCOMRAM 00001F
lcd_send_string_pos@lcd                     cstackCOMRAM 00001B
lcd_send_string_pos@lcd_ret                 cstackCOMRAM 000020
lcd_send_string_pos@row                     cstackCOMRAM 00001C
lcd_send_string_pos@str                     cstackCOMRAM 00001E
lcd_set_curser@column                       cstackCOMRAM 000016
lcd_set_curser@gpio_ret                     cstackCOMRAM 000019
lcd_set_curser@lcd                          cstackCOMRAM 000014
lcd_set_curser@lcd_ret                      cstackCOMRAM 00001A
lcd_set_curser@row                          cstackCOMRAM 000015
led_init@gpio_ret                           cstackBANK0  00008D
led_init@led                                cstackBANK0  00008C
led_off@gpio_ret                            cstackCOMRAM 00000A
led_off@led                                 cstackCOMRAM 000009
led_off@ret                                 cstackCOMRAM 00000B
led_on@gpio_ret                             cstackCOMRAM 00000A
led_on@led                                  cstackCOMRAM 000009
led_on@ret                                  cstackCOMRAM 00000B
memset@c                                    cstackCOMRAM 000002
memset@dest                                 cstackCOMRAM 000001
memset@n                                    cstackCOMRAM 000004
memset@p                                    cstackCOMRAM 000006
sprintf@ap                                  cstackCOMRAM 00001E
sprintf@f                                   cstackCOMRAM 00001F
sprintf@fmt                                 cstackCOMRAM 00001B
sprintf@s                                   cstackCOMRAM 00001A
stackhi                                     (abs)        000000
stacklo                                     (abs)        000000
start                                       init         00000E
start_initialization                        cinit        002E0C
ttemp5                                      temp         00007B
ttemp6                                      temp         00007E
ttemp7                                      temp         000082
vfpfcnvrt@ap                                cstackCOMRAM 00000D
vfpfcnvrt@c                                 cstackCOMRAM 000015
vfpfcnvrt@convarg                           cstackCOMRAM 000011
vfpfcnvrt@cp                                cstackCOMRAM 000010
vfpfcnvrt@done                              cstackCOMRAM 00000F
vfpfcnvrt@fmt                               cstackCOMRAM 00000C
vfpfcnvrt@fp                                cstackCOMRAM 00000B
vfprintf@ap                                 cstackCOMRAM 000018
vfprintf@cfmt                               cstackCOMRAM 000019
vfprintf@fmt                                cstackCOMRAM 000017
vfprintf@fp                                 cstackCOMRAM 000016
wtemp8                                      temp         00007B


MODULE INFORMATION

Module		Function		Class		Link	Load	Size
ECUAL/LCD/lcd.c
		_lcd_send_command		CODE           	2D2C	0000	114
		_lcd_send_nbits		CODE           	3008	0000	84
		_convert_uint16_to_string		CODE           	2C02	0000	150
		_lcd_send_char_data		CODE           	2F40	0000	102
		_lcd_set_curser		CODE           	2C98	0000	148
		_lcd_send_enable		CODE           	3488	0000	44
		_lcd_send_string		CODE           	2FA6	0000	98
		_lcd_send_string_pos		CODE           	2D9E	0000	110
		_lcd_send_number_pos		CODE           	330E	0000	66
		_lcd_init      		CODE           	249E	0000	296

ECUAL/LCD/lcd.c estimated size: 1212

MCAL/ADC/adc.c
		_ADC_ISR       		CODE           	3520	0000	4

MCAL/ADC/adc.c estimated size: 4

MCAL/GPIO/gpio.c
		_gpio_pin_logic_write		CODE           	20F2	0000	316
		_gpio_pin_direction_init		CODE           	222E	0000	316
		_gpio_pin_output_low_init		CODE           	2E74	0000	102

MCAL/GPIO/gpio.c estimated size: 734

C:\Program Files\Microchip\xc8\v2.45\pic\sources\c99\common\sprcdiv.c
		___fldiv       		CODE           	19D2	0000	924

C:\Program Files\Microchip\xc8\v2.45\pic\sources\c99\common\sprcdiv.c estimated size: 924

MCAL/INTERRUPT/mcall_interrupt_manager.c
		_InterruptManager		CODE           	0008	0000	204

MCAL/INTERRUPT/mcall_interrupt_manager.c estimated size: 204

C:\Program Files\Microchip\xc8\v2.45\pic\sources\c99\common\nf_sprintf.c
		_sprintf       		CODE           	3390	0000	52

C:\Program Files\Microchip\xc8\v2.45\pic\sources\c99\common\nf_sprintf.c estimated size: 52

C:\Program Files\Microchip\xc8\v2.45\pic\sources\c99\common\awmod.c
		___awmod       		CODE           	2A02	0000	176

C:\Program Files\Microchip\xc8\v2.45\pic\sources\c99\common\awmod.c estimated size: 176

C:\Program Files\Microchip\xc8\v2.45\pic\sources\c99\common\putch.c
		_putch         		CODE           	3524	0000	2

C:\Program Files\Microchip\xc8\v2.45\pic\sources\c99\common\putch.c estimated size: 2

shared
		i2_lcd_send_enable		CODE           	34B4	0000	40
		i2_lcd_send_nbits		CODE           	3104	0000	80
		i2_lcd_send_command		CODE           	2EDA	0000	102
		__initialization		CODE           	2E0C	0000	94
		i2_gpio_pin_logic_write		CODE           	236A	0000	308

shared estimated size: 624

C:\Program Files\Microchip\xc8\v2.45\pic\sources\c99\common\xxtofl.c
		___xxtofl      		CODE           	1F3A	0000	440

C:\Program Files\Microchip\xc8\v2.45\pic\sources\c99\common\xxtofl.c estimated size: 440

ECUAL/LED/led.c
		_led_init      		CODE           	31EE	0000	74
		_led_off       		CODE           	30B0	0000	84
		_led_on        		CODE           	305C	0000	84

ECUAL/LED/led.c estimated size: 242

C:\Program Files\Microchip\xc8\v2.45\pic\sources\c99\common\abs.c
		_abs           		CODE           	33C4	0000	52

C:\Program Files\Microchip\xc8\v2.45\pic\sources\c99\common\abs.c estimated size: 52

MCAL/USART/usart.c
		_EUSART_RX_ISR 		CODE           	33F8	0000	48
		_EUSART_TX_ISR 		CODE           	351C	0000	4
		_EUSART_ASYNC_Init		CODE           	32CA	0000	68
		_EUSART_ASYNC_ReadByteNonBlocking		CODE           	34DC	0000	30
		_EUSART_ASYNC_RX_Init		CODE           	27AE	0000	202
		_EUSART_ASYNC_TX_Init		CODE           	2B5C	0000	166
		_EUSART_Baud_Rate_Calculation		CODE           	1006	0000	1290

MCAL/USART/usart.c estimated size: 1808

app.c
		_main          		CODE           	3510	0000	12
		_MY_EUSART_RX_ISR		CODE           	26CE	0000	224

app.c estimated size: 236

C:\Program Files\Microchip\xc8\v2.45\pic\sources\c99\common\memset.c
		_memset        		CODE           	3428	0000	48

C:\Program Files\Microchip\xc8\v2.45\pic\sources\c99\common\memset.c estimated size: 48

C:\Program Files\Microchip\xc8\v2.45\pic\sources\c99\common\sprcadd.c
		___fladd       		CODE           	1510	0000	1218

C:\Program Files\Microchip\xc8\v2.45\pic\sources\c99\common\sprcadd.c estimated size: 1218

init.c
		__init         		CODE           	3282	0000	72

init.c estimated size: 72

C:\Program Files\Microchip\xc8\v2.45\pic\sources\c99\common\nf_fputc.c
		_fputc         		CODE           	2AB2	0000	170

C:\Program Files\Microchip\xc8\v2.45\pic\sources\c99\common\nf_fputc.c estimated size: 170

C:\Program Files\Microchip\xc8\v2.45\pic\sources\c99\common\doprnt.c
		_vfpfcnvrt     		CODE           	1D6E	0000	460
		_vfprintf      		CODE           	3350	0000	64

C:\Program Files\Microchip\xc8\v2.45\pic\sources\c99\common\doprnt.c estimated size: 524

C:\Program Files\Microchip\xc8\v2.45\pic\sources\c99\common\awdiv.c
		___awdiv       		CODE           	293E	0000	196

C:\Program Files\Microchip\xc8\v2.45\pic\sources\c99\common\awdiv.c estimated size: 196

C:\Program Files\Microchip\xc8\v2.45\pic\sources\c99\common\fltol.c
		___fltol       		CODE           	25C6	0000	264

C:\Program Files\Microchip\xc8\v2.45\pic\sources\c99\common\fltol.c estimated size: 264

ECUAL/DC_MOTOR/dc_motor.c
		_dc_motor_init 		CODE           	3238	0000	74
		_dc_motor_stop 		CODE           	31A2	0000	76
		_dc_motor_move_right		CODE           	3154	0000	78

ECUAL/DC_MOTOR/dc_motor.c estimated size: 228

